
R version 2.15.1 (2012-06-22) -- "Roasted Marshmallows"
Copyright (C) 2012 The R Foundation for Statistical Computing
ISBN 3-900051-07-0
Platform: i386-apple-darwin9.8.0/i386 (32-bit)

R is free software and comes with ABSOLUTELY NO WARRANTY.
You are welcome to redistribute it under certain conditions.
Type 'license()' or 'licence()' for distribution details.

  Natural language support but running in an English locale

R is a collaborative project with many contributors.
Type 'contributors()' for more information and
'citation()' on how to cite R or R packages in publications.

Type 'demo()' for some demos, 'help()' for on-line help, or
'help.start()' for an HTML browser interface to help.
Type 'q()' to quit R.

> require(grDevices)
> library(ggplot2)
> 
> readData = function (file) {
+     read.table(file, header = F, sep = " ", col.names = c("tick", "duration", "heap", "total"))
+ }
> 
> png('/tmp/graph.png')
> 
> ggplot() +
+ geom_point(aes(tick, duration, colour="Before"), readData("/tmp/data2")) +
+ geom_point(aes(tick, total, colour="After"), readData("/tmp/data2"))
Error in file(file, "rt") : cannot open the connection
Calls: geom_point ... <Anonymous> -> do.call -> readData -> read.table -> file
In addition: Warning message:
In file(file, "rt") :
  cannot open file '/tmp/data2': No such file or directory
Execution halted
